Level:     0
Score:     0
Hi Score: 0
-----------



      ZZ
       ZZ










 SS
SS  J    OO
IIIIJJJ  OO
-----------
Next:
TTT
 T


Level:     0
Score:     2
Hi Score: 2
-----------



TTT
 T











 SS
SS  J ZZ OO
-----------
Next:
  L
LLL