Level:     0
Score:     0
Hi Score: 0
-----------
           
           
           
IIII       
           
           
           
           
           
           
           
           
           
           
           
           
           
           
-----------
Next:      
J  
JJJ


Level:     0
Score:     0
Hi Score: 0
-----------
           
           
           
J          
JJJ        
           
           
           
           
           
           
           
           
           
           
           
           
           
-----------
Next:      
J  
JJJ


Level:     0
Score:     0
Hi Score: 0
-----------
           
           
           
J          
JJJ        
           
           
           
           
           
           
           
           
           
           
           
J          
JJJ        
-----------
Next:      
OO 
OO 


Level:     0
Score:     0
Hi Score: 0
-----------
           
           
           
 J         
 JJJ       
           
           
           
           
           
           
           
           
           
           
           
J          
JJJ        
-----------
Next:      
OO 
OO 


Level:     0
Score:     0
Hi Score: 0
-----------
           
           
           
 OO        
 OO        
           
           
           
           
           
           
           
           
           
           
           
J          
JJJ        
-----------
Next:      
OO 
OO 


Level:     0
Score:     0
Hi Score: 0
-----------
           
           
           
OO         
OO         
           
           
           
           
           
           
           
           
           
           
 OO        
JOO        
JJJ        
-----------
Next:      
 SS
SS 


Level:     1
Score:     0
Hi Score: 0
-----------
           
           
           
OO         
OO         
           
           
           
           
           
           
           
           
           
           
 OO        
JOO        
JJJ        
-----------
Next:      
 SS
SS 


Level:     2
Score:     0
Hi Score: 0
-----------
           
           
           
OO         
OO         
           
           
           
           
           
           
           
           
           
           
 OO        
JOO        
JJJ        
-----------
Next:      
 SS
SS 


Level:     2
Score:     0
Hi Score: 0
-----------
           
           
           
TTT        
 T         
           
           
           
           
           
           
           
           
           
           
 OO        
JOO        
JJJ        
-----------
Next:      
 SS
SS 


Level:     2
Score:     0
Hi Score: 0
-----------
           
           
           
 SS        
SS         
           
           
           
           
           
           
           
           
TTT        
 T         
 OO        
JOO        
JJJ        
-----------
Next:      
  L
LLL


Level:     2
Score:     0
Hi Score: 0
-----------
           
           
           
 SS        
SS         
           
           
           
           
           
           
           
           
TTT        
 T         
 OO        
JOO        
JJJ        
-----------
Next:      
  L
LLL


Level:     2
Score:     0
Hi Score: 0
-----------
           
           
S          
SS         
 S         
           
           
           
           
           
           
           
           
TTT        
 T         
 OO        
JOO        
JJJ        
-----------
Next:      
  L
LLL


Level:     1
Score:     0
Hi Score: 0
-----------
           
           
S          
SS         
 S         
           
           
           
           
           
           
           
           
TTT        
 T         
 OO        
JOO        
JJJ        
-----------
Next:      
  L
LLL


Level:     1
Score:     0
Hi Score: 0
-----------
           
           
J          
JJJ        
           
           
           
           
           
           
           
           
           
TTT        
 T         
 OO        
JOO        
JJJ        
-----------
Next:      
  L
LLL


Level:     1
Score:     0
Hi Score: 0
-----------
           
           
           
  L        
LLL        
           
           
           
           
           
           
J          
JJJ        
TTT        
 T         
 OO        
JOO        
JJJ        
-----------
Next:      
ZZ 
 ZZ


Level:     1
Score:     0
Hi Score: 0
-----------
           
           
           
OO         
OO         
           
           
           
           
           
           
J          
JJJ        
TTT        
 T         
 OO        
JOO        
JJJ        
-----------
Next:      
ZZ 
 ZZ


Level:     1
Score:     0
Hi Score: 0
-----------
           
           
           
 OO        
 OO        
           
           
           
           
           
           
J          
JJJ        
TTT        
 T         
 OO        
JOO        
JJJ        
-----------
Next:      
ZZ 
 ZZ


Level:     1
Score:     0
Hi Score: 0
-----------
           
           
           
 OO        
 OO        
           
           
           
           
           
           
J          
JJJ        
TTT        
 T         
 OO        
JOO        
JJJ        
-----------
Next:      
ZZ 
 ZZ


Level:     1
Score:     0
Hi Score: 0
-----------
           
           
           
  OO       
  OO       
           
           
           
           
           
           
J          
JJJ        
TTT        
 T         
 OO        
JOO        
JJJ        
-----------
Next:      
ZZ 
 ZZ


Level:     1
Score:     0
Hi Score: 0
-----------
           
           
           
  OO       
  OO       
           
           
           
           
           
           
J          
JJJ        
TTT        
 T         
 OO        
JOO        
JJJ        
-----------
Next:      
ZZ 
 ZZ


Level:     1
Score:     0
Hi Score: 0
-----------
           
           
           
ZZ         
 ZZ        
           
           
           
           
           
  OO       
J OO       
JJJ        
TTT        
 T         
 OO        
JOO        
JJJ        
-----------
Next:      
TTT
 T 


Level:     1
Score:     0
Hi Score: 0
-----------
           
           
           
TTT        
 T         
           
           
           
           
           
  OO       
J OO       
JJJ        
TTT        
 T         
 OO        
JOO        
JJJ        
-----------
Next:      
TTT
 T 


Level:     1
Score:     0
Hi Score: 0
-----------
           
           
T          
TT         
T          
           
           
           
           
           
  OO       
J OO       
JJJ        
TTT        
 T         
 OO        
JOO        
JJJ        
-----------
Next:      
TTT
 T 


Level:     1
Score:     0
Hi Score: 0
-----------
           
           
           
TTT        
 T         
           
           
           
T          
TT         
T OO       
J OO       
JJJ        
TTT        
 T         
 OO        
JOO        
JJJ        
-----------
Next:      
OO 
OO 


Level:     1
Score:     0
Hi Score: 0
-----------
           
           
           
 SS        
SS         
           
           
           
T          
TT         
T OO       
J OO       
JJJ        
TTT        
 T         
 OO        
JOO        
JJJ        
-----------
Next:      
OO 
OO 


Level:     2
Score:     0
Hi Score: 0
-----------
           
           
           
 SS        
SS         
           
           
           
T          
TT         
T OO       
J OO       
JJJ        
TTT        
 T         
 OO        
JOO        
JJJ        
-----------
Next:      
OO 
OO 


Level:     2
Score:     0
Hi Score: 0
-----------
           
           
           
OO         
OO         
           
 SS        
SS         
T          
TT         
T OO       
J OO       
JJJ        
TTT        
 T         
 OO        
JOO        
JJJ        
-----------
Next:      
  L
LLL


Level:     2
Score:     0
Hi Score: 0
-----------
           
           
           
J          
JJJ        
           
 SS        
SS         
T          
TT         
T OO       
J OO       
JJJ        
TTT        
 T         
 OO        
JOO        
JJJ        
-----------
Next:      
  L
LLL


Level:     1
Score:     0
Hi Score: 0
-----------
           
           
           
J          
JJJ        
           
 SS        
SS         
T          
TT         
T OO       
J OO       
JJJ        
TTT        
 T         
 OO        
JOO        
JJJ        
-----------
Next:      
  L
LLL


Level:     1
Score:     0
Hi Score: 0
-----------
           
           
           
           
J          
JJJ        
 SS        
SS         
T          
TT         
T OO       
J OO       
JJJ        
TTT        
 T         
 OO        
JOO        
JJJ        
-----------
Next:      
  L
LLL