Level:     0
Score:     0
Hi Score: 0
-----------
           
           
           
IIII       
           
           
           
           
           
           
           
           
           
           
           
           
           
           
-----------
Next:      
J  
JJJ


Level:     0
Score:     0
Hi Score: 0
-----------
           
           
           
IIII       
           
           
           
           
           
           
           
           
           
           
           
           
           
           
-----------
Next:      
J  
JJJ


Level:     0
Score:     0
Hi Score: 0
-----------
           
           
           
J          
JJJ        
           
           
           
           
           
           
           
           
           
           
           
           
IIII       
-----------
Next:      
OO 
OO 


Level:     0
Score:     0
Hi Score: 0
-----------
           
           
           
IIII       
           
           
           
           
           
           
           
           
           
           
           
           
           
IIII       
-----------
Next:      
OO 
OO 


Level:     0
Score:     0
Hi Score: 0
-----------
           
           
           
 IIII      
           
           
           
           
           
           
           
           
           
           
           
           
           
IIII       
-----------
Next:      
OO 
OO 


Level:     0
Score:     0
Hi Score: 0
-----------
           
           
           
  IIII     
           
           
           
           
           
           
           
           
           
           
           
           
           
IIII       
-----------
Next:      
OO 
OO 


Level:     0
Score:     0
Hi Score: 0
-----------
           
           
           
   IIII    
           
           
           
           
           
           
           
           
           
           
           
           
           
IIII       
-----------
Next:      
OO 
OO 


Level:     0
Score:     0
Hi Score: 0
-----------
           
           
           
    IIII   
           
           
           
           
           
           
           
           
           
           
           
           
           
IIII       
-----------
Next:      
OO 
OO 


Level:     0
Score:     0
Hi Score: 0
-----------
           
           
           
     IIII  
           
           
           
           
           
           
           
           
           
           
           
           
           
IIII       
-----------
Next:      
OO 
OO 


Level:     0
Score:     0
Hi Score: 0
-----------
           
           
           
      IIII 
           
           
           
           
           
           
           
           
           
           
           
           
           
IIII       
-----------
Next:      
OO 
OO 


Level:     0
Score:     0
Hi Score: 0
-----------
           
           
           
       IIII
           
           
           
           
           
           
           
           
           
           
           
           
           
IIII       
-----------
Next:      
OO 
OO 


Level:     0
Score:     0
Hi Score: 0
-----------
           
           
           
OO         
OO         
           
           
           
           
           
           
           
           
           
           
           
           
IIII   IIII
-----------
Next:      
 SS
SS 


Level:     0
Score:     0
Hi Score: 0
-----------
           
           
           
IIII       
           
           
           
           
           
           
           
           
           
           
           
           
           
IIII   IIII
-----------
Next:      
 SS
SS 


Level:     0
Score:     0
Hi Score: 0
-----------
I          
I          
I          
I          
           
           
           
           
           
           
           
           
           
           
           
           
           
IIII   IIII
-----------
Next:      
 SS
SS 


Level:     0
Score:     0
Hi Score: 0
-----------
 I         
 I         
 I         
 I         
           
           
           
           
           
           
           
           
           
           
           
           
           
IIII   IIII
-----------
Next:      
 SS
SS 


Level:     0
Score:     0
Hi Score: 0
-----------
  I        
  I        
  I        
  I        
           
           
           
           
           
           
           
           
           
           
           
           
           
IIII   IIII
-----------
Next:      
 SS
SS 


Level:     0
Score:     0
Hi Score: 0
-----------
   I       
   I       
   I       
   I       
           
           
           
           
           
           
           
           
           
           
           
           
           
IIII   IIII
-----------
Next:      
 SS
SS 


Level:     0
Score:     0
Hi Score: 0
-----------
    I      
    I      
    I      
    I      
           
           
           
           
           
           
           
           
           
           
           
           
           
IIII   IIII
-----------
Next:      
 SS
SS 


Level:     0
Score:     0
Hi Score: 0
-----------
           
           
           
 SS        
SS         
           
           
           
           
           
           
           
           
           
    I      
    I      
    I      
IIIII  IIII
-----------
Next:      
ZZ 
 ZZ


Level:     0
Score:     0
Hi Score: 0
-----------
           
           
           
IIII       
           
           
           
           
           
           
           
           
           
           
    I      
    I      
    I      
IIIII  IIII
-----------
Next:      
ZZ 
 ZZ


Level:     0
Score:     0
Hi Score: 0
-----------
I          
I          
I          
I          
           
           
           
           
           
           
           
           
           
           
    I      
    I      
    I      
IIIII  IIII
-----------
Next:      
ZZ 
 ZZ


Level:     0
Score:     0
Hi Score: 0
-----------
 I         
 I         
 I         
 I         
           
           
           
           
           
           
           
           
           
           
    I      
    I      
    I      
IIIII  IIII
-----------
Next:      
ZZ 
 ZZ


Level:     0
Score:     0
Hi Score: 0
-----------
  I        
  I        
  I        
  I        
           
           
           
           
           
           
           
           
           
           
    I      
    I      
    I      
IIIII  IIII
-----------
Next:      
ZZ 
 ZZ


Level:     0
Score:     0
Hi Score: 0
-----------
   I       
   I       
   I       
   I       
           
           
           
           
           
           
           
           
           
           
    I      
    I      
    I      
IIIII  IIII
-----------
Next:      
ZZ 
 ZZ


Level:     0
Score:     0
Hi Score: 0
-----------
    I      
    I      
    I      
    I      
           
           
           
           
           
           
           
           
           
           
    I      
    I      
    I      
IIIII  IIII
-----------
Next:      
ZZ 
 ZZ


Level:     0
Score:     0
Hi Score: 0
-----------
     I     
     I     
     I     
     I     
           
           
           
           
           
           
           
           
           
           
    I      
    I      
    I      
IIIII  IIII
-----------
Next:      
ZZ 
 ZZ


Level:     0
Score:     0
Hi Score: 0
-----------
      I    
      I    
      I    
      I    
           
           
           
           
           
           
           
           
           
           
    I      
    I      
    I      
IIIII  IIII
-----------
Next:      
ZZ 
 ZZ


Level:     0
Score:     0
Hi Score: 0
-----------
           
           
           
ZZ         
 ZZ        
           
           
           
           
           
           
           
           
           
    I I    
    I I    
    I I    
IIIII IIIII
-----------
Next:      
TTT
 T 


Level:     0
Score:     0
Hi Score: 0
-----------
           
           
           
TTT        
 T         
           
           
           
           
           
           
           
           
           
    I I    
ZZ  I I    
 ZZ I I    
IIIII IIIII
-----------
Next:      
  L
LLL